// Jest Snapshot v1, https://goo.gl/fbAQLP

exports[`App App Snapshot 1`] = `
<div
  className="container"
>
  <div
    className="container-fluid"
  >
    <div
      className="cover-img"
    />
    <div
      className="container-div"
    >
      <header
        className="header"
      >
        <h1>
          TODO
        </h1>
        <img
          alt="img mode"
          className="img-mode"
          onClick={[Function]}
          src="icon-moon.svg"
        />
      </header>
      <main>
        <form
          onSubmit={[Function]}
        >
          <div
            className="input-div"
          >
            <div
              className="circle"
              onClick={[Function]}
            />
            <input
              className="input-tab"
              onBlur={[Function]}
              onChange={[Function]}
              placeholder="Create a new todo..."
              type="text"
            />
          </div>
        </form>
        <div
          className="todo-list"
        >
          <div>
            <p
              className="empty"
            >
              No 
              
               todo item yet
            </p>
            <div
              className="menu"
            >
              <p>
                0
                 
                items left
              </p>
              <div>
                <p
                  className="menu-toggle filter"
                  onClick={[Function]}
                >
                  All
                </p>
                <p
                  className="menu-toggle"
                  onClick={[Function]}
                >
                  Active
                </p>
                <p
                  className="menu-toggle"
                  onClick={[Function]}
                >
                  Completed
                </p>
              </div>
              <p
                className="last"
                onClick={[Function]}
              >
                Clear Completed
              </p>
            </div>
          </div>
        </div>
        <div
          className="second-menu"
        >
          <p
            className="filter"
            onClick={[Function]}
          >
            All
          </p>
          <p
            className=""
            onClick={[Function]}
          >
            Active
          </p>
          <p
            className=""
            onClick={[Function]}
          >
            Completed
          </p>
        </div>
      </main>
    </div>
  </div>
</div>
`;
